------------------------------------------------------------
Timing Analyzer Summary
------------------------------------------------------------

Type  : Slow 1200mV 85C Model Setup 'PPU:inst9|VGA_CLK'
Slack : -22.427
TNS   : -412.879

Type  : Slow 1200mV 85C Model Setup 'inst6|altpll_component|auto_generated|pll1|clk[0]'
Slack : -11.172
TNS   : -1598.319

Type  : Slow 1200mV 85C Model Setup 'inst6|altpll_component|auto_generated|pll1|clk[1]'
Slack : -4.085
TNS   : -122.462

Type  : Slow 1200mV 85C Model Setup 'CLKDIV:inst4|CLK_OUT~reg0'
Slack : 2.071
TNS   : 0.000

Type  : Slow 1200mV 85C Model Setup 'PPU:inst9|clk_out'
Slack : 30.293
TNS   : 0.000

Type  : Slow 1200mV 85C Model Hold 'inst6|altpll_component|auto_generated|pll1|clk[0]'
Slack : -0.047
TNS   : -0.073

Type  : Slow 1200mV 85C Model Hold 'PPU:inst9|VGA_CLK'
Slack : 0.434
TNS   : 0.000

Type  : Slow 1200mV 85C Model Hold 'CLKDIV:inst4|CLK_OUT~reg0'
Slack : 0.435
TNS   : 0.000

Type  : Slow 1200mV 85C Model Hold 'inst6|altpll_component|auto_generated|pll1|clk[1]'
Slack : 0.509
TNS   : 0.000

Type  : Slow 1200mV 85C Model Hold 'PPU:inst9|clk_out'
Slack : 0.512
TNS   : 0.000

Type  : Slow 1200mV 85C Model Recovery 'CLKDIV:inst4|CLK_OUT~reg0'
Slack : 35.468
TNS   : 0.000

Type  : Slow 1200mV 85C Model Removal 'CLKDIV:inst4|CLK_OUT~reg0'
Slack : 3.658
TNS   : 0.000

Type  : Slow 1200mV 85C Model Minimum Pulse Width 'inst6|altpll_component|auto_generated|pll1|clk[1]'
Slack : 3.518
TNS   : 0.000

Type  : Slow 1200mV 85C Model Minimum Pulse Width 'inst6|altpll_component|auto_generated|pll1|clk[0]'
Slack : 9.619
TNS   : 0.000

Type  : Slow 1200mV 85C Model Minimum Pulse Width 'CLOCK'
Slack : 10.264
TNS   : 0.000

Type  : Slow 1200mV 85C Model Minimum Pulse Width 'CLKDIV:inst4|CLK_OUT~reg0'
Slack : 19.613
TNS   : 0.000

Type  : Slow 1200mV 85C Model Minimum Pulse Width 'PPU:inst9|VGA_CLK'
Slack : 19.652
TNS   : 0.000

Type  : Slow 1200mV 85C Model Minimum Pulse Width 'PPU:inst9|clk_out'
Slack : 19.655
TNS   : 0.000

Type  : Slow 1200mV 0C Model Setup 'PPU:inst9|VGA_CLK'
Slack : -21.448
TNS   : -394.308

Type  : Slow 1200mV 0C Model Setup 'inst6|altpll_component|auto_generated|pll1|clk[0]'
Slack : -10.258
TNS   : -1448.706

Type  : Slow 1200mV 0C Model Setup 'inst6|altpll_component|auto_generated|pll1|clk[1]'
Slack : -3.596
TNS   : -107.770

Type  : Slow 1200mV 0C Model Setup 'CLKDIV:inst4|CLK_OUT~reg0'
Slack : 3.163
TNS   : 0.000

Type  : Slow 1200mV 0C Model Setup 'PPU:inst9|clk_out'
Slack : 30.791
TNS   : 0.000

Type  : Slow 1200mV 0C Model Hold 'inst6|altpll_component|auto_generated|pll1|clk[0]'
Slack : -0.182
TNS   : -0.341

Type  : Slow 1200mV 0C Model Hold 'PPU:inst9|VGA_CLK'
Slack : 0.384
TNS   : 0.000

Type  : Slow 1200mV 0C Model Hold 'CLKDIV:inst4|CLK_OUT~reg0'
Slack : 0.385
TNS   : 0.000

Type  : Slow 1200mV 0C Model Hold 'PPU:inst9|clk_out'
Slack : 0.472
TNS   : 0.000

Type  : Slow 1200mV 0C Model Hold 'inst6|altpll_component|auto_generated|pll1|clk[1]'
Slack : 0.478
TNS   : 0.000

Type  : Slow 1200mV 0C Model Recovery 'CLKDIV:inst4|CLK_OUT~reg0'
Slack : 35.700
TNS   : 0.000

Type  : Slow 1200mV 0C Model Removal 'CLKDIV:inst4|CLK_OUT~reg0'
Slack : 3.262
TNS   : 0.000

Type  : Slow 1200mV 0C Model Minimum Pulse Width 'inst6|altpll_component|auto_generated|pll1|clk[1]'
Slack : 3.518
TNS   : 0.000

Type  : Slow 1200mV 0C Model Minimum Pulse Width 'inst6|altpll_component|auto_generated|pll1|clk[0]'
Slack : 9.608
TNS   : 0.000

Type  : Slow 1200mV 0C Model Minimum Pulse Width 'CLOCK'
Slack : 10.264
TNS   : 0.000

Type  : Slow 1200mV 0C Model Minimum Pulse Width 'CLKDIV:inst4|CLK_OUT~reg0'
Slack : 19.538
TNS   : 0.000

Type  : Slow 1200mV 0C Model Minimum Pulse Width 'PPU:inst9|VGA_CLK'
Slack : 19.601
TNS   : 0.000

Type  : Slow 1200mV 0C Model Minimum Pulse Width 'PPU:inst9|clk_out'
Slack : 19.621
TNS   : 0.000

Type  : Fast 1200mV 0C Model Setup 'PPU:inst9|VGA_CLK'
Slack : -9.522
TNS   : -174.046

Type  : Fast 1200mV 0C Model Setup 'inst6|altpll_component|auto_generated|pll1|clk[0]'
Slack : -5.288
TNS   : -781.229

Type  : Fast 1200mV 0C Model Setup 'inst6|altpll_component|auto_generated|pll1|clk[1]'
Slack : -2.027
TNS   : -60.718

Type  : Fast 1200mV 0C Model Setup 'CLKDIV:inst4|CLK_OUT~reg0'
Slack : 12.080
TNS   : 0.000

Type  : Fast 1200mV 0C Model Setup 'PPU:inst9|clk_out'
Slack : 35.728
TNS   : 0.000

Type  : Fast 1200mV 0C Model Hold 'inst6|altpll_component|auto_generated|pll1|clk[0]'
Slack : 0.083
TNS   : 0.000

Type  : Fast 1200mV 0C Model Hold 'CLKDIV:inst4|CLK_OUT~reg0'
Slack : 0.177
TNS   : 0.000

Type  : Fast 1200mV 0C Model Hold 'PPU:inst9|VGA_CLK'
Slack : 0.178
TNS   : 0.000

Type  : Fast 1200mV 0C Model Hold 'inst6|altpll_component|auto_generated|pll1|clk[1]'
Slack : 0.198
TNS   : 0.000

Type  : Fast 1200mV 0C Model Hold 'PPU:inst9|clk_out'
Slack : 0.210
TNS   : 0.000

Type  : Fast 1200mV 0C Model Recovery 'CLKDIV:inst4|CLK_OUT~reg0'
Slack : 37.807
TNS   : 0.000

Type  : Fast 1200mV 0C Model Removal 'CLKDIV:inst4|CLK_OUT~reg0'
Slack : 1.618
TNS   : 0.000

Type  : Fast 1200mV 0C Model Minimum Pulse Width 'inst6|altpll_component|auto_generated|pll1|clk[1]'
Slack : 3.762
TNS   : 0.000

Type  : Fast 1200mV 0C Model Minimum Pulse Width 'inst6|altpll_component|auto_generated|pll1|clk[0]'
Slack : 9.719
TNS   : 0.000

Type  : Fast 1200mV 0C Model Minimum Pulse Width 'CLOCK'
Slack : 9.832
TNS   : 0.000

Type  : Fast 1200mV 0C Model Minimum Pulse Width 'CLKDIV:inst4|CLK_OUT~reg0'
Slack : 19.672
TNS   : 0.000

Type  : Fast 1200mV 0C Model Minimum Pulse Width 'PPU:inst9|VGA_CLK'
Slack : 19.724
TNS   : 0.000

Type  : Fast 1200mV 0C Model Minimum Pulse Width 'PPU:inst9|clk_out'
Slack : 19.752
TNS   : 0.000

------------------------------------------------------------
